Flow report for pluto_spi_stepper
Wed Nov 06 19:40:25 2019
Quartus Prime Version 18.1.0 Build 625 09/12/2018 SJ Lite Edition


---------------------
; Table of Contents ;
---------------------
  1. Legal Notice
  2. Flow Summary
  3. Flow Settings
  4. Flow Non-Default Global Settings
  5. Flow Elapsed Time
  6. Flow OS Summary
  7. Flow Log
  8. Flow Messages
  9. Flow Suppressed Messages



----------------
; Legal Notice ;
----------------
Copyright (C) 2018  Intel Corporation. All rights reserved.
Your use of Intel Corporation's design tools, logic functions 
and other software and tools, and its AMPP partner logic 
functions, and any output files from any of the foregoing 
(including device programming or simulation files), and any 
associated documentation or information are expressly subject 
to the terms and conditions of the Intel Program License 
Subscription Agreement, the Intel Quartus Prime License Agreement,
the Intel FPGA IP License Agreement, or other applicable license
agreement, including, without limitation, that your use is for
the sole purpose of programming logic devices manufactured by
Intel and sold by Intel or its authorized distributors.  Please
refer to the applicable agreement for further details.



+----------------------------------------------------------------------------------+
; Flow Summary                                                                     ;
+------------------------------------+---------------------------------------------+
; Flow Status                        ; Successful - Wed Nov 06 19:40:25 2019       ;
; Quartus Prime Version              ; 18.1.0 Build 625 09/12/2018 SJ Lite Edition ;
; Revision Name                      ; pluto_spi_stepper                           ;
; Top-level Entity Name              ; pluto_spi_stepper                           ;
; Family                             ; MAX 10                                      ;
; Device                             ; 10M08SCM153C8G                              ;
; Timing Models                      ; Final                                       ;
; Total logic elements               ; 1,345 / 8,064 ( 17 % )                      ;
;     Total combinational functions  ; 915 / 8,064 ( 11 % )                        ;
;     Dedicated logic registers      ; 1,018 / 8,064 ( 13 % )                      ;
; Total registers                    ; 1032                                        ;
; Total pins                         ; 48 / 112 ( 43 % )                           ;
; Total virtual pins                 ; 0                                           ;
; Total memory bits                  ; 278,528 / 387,072 ( 72 % )                  ;
; Embedded Multiplier 9-bit elements ; 0 / 48 ( 0 % )                              ;
; Total PLLs                         ; 1 / 1 ( 100 % )                             ;
; UFM blocks                         ; 0 / 1 ( 0 % )                               ;
; ADC blocks                         ; 0                                           ;
+------------------------------------+---------------------------------------------+


+-----------------------------------------+
; Flow Settings                           ;
+-------------------+---------------------+
; Option            ; Setting             ;
+-------------------+---------------------+
; Start date & time ; 11/06/2019 19:38:45 ;
; Main task         ; Compilation         ;
; Revision Name     ; pluto_spi_stepper   ;
+-------------------+---------------------+


+----------------------------------------------------------------------------------------------------------------------------------------------------+
; Flow Non-Default Global Settings                                                                                                                   ;
+-----------------------------------------------+---------------------------------------------------+---------------+-------------+------------------+
; Assignment Name                               ; Value                                             ; Default Value ; Entity Name ; Section Id       ;
+-----------------------------------------------+---------------------------------------------------+---------------+-------------+------------------+
; ALLOW_ANY_ROM_SIZE_FOR_RECOGNITION            ; On                                                ; Off           ; --          ; --               ;
; ALLOW_ANY_SHIFT_REGISTER_SIZE_FOR_RECOGNITION ; On                                                ; Off           ; --          ; --               ;
; ALLOW_POWER_UP_DONT_CARE                      ; Off                                               ; On            ; --          ; --               ;
; AUTO_IMPLEMENT_IN_ROM                         ; -- (Not supported for targeted family)            ; Off           ; --          ; --               ;
; CARRY_OUT_PINS_LCELL_INSERT                   ; -- (Not supported for targeted family)            ; On            ; --          ; --               ;
; COMPILER_SIGNATURE_ID                         ; 26830024133089.157304032314204                    ; --            ; --          ; --               ;
; EDA_DESIGN_INSTANCE_NAME                      ; NA                                                ; --            ; --          ; stepgen_tb       ;
; EDA_NATIVELINK_SIMULATION_TEST_BENCH          ; stepgen_tb                                        ; --            ; --          ; eda_simulation   ;
; EDA_OUTPUT_DATA_FORMAT                        ; Verilog Hdl                                       ; --            ; --          ; eda_simulation   ;
; EDA_SIMULATION_TOOL                           ; ModelSim-Altera (Verilog)                         ; <None>        ; --          ; --               ;
; EDA_TEST_BENCH_ENABLE_STATUS                  ; TEST_BENCH_MODE                                   ; --            ; --          ; eda_simulation   ;
; EDA_TEST_BENCH_FILE                           ; stepgen_tb.v                                      ; --            ; --          ; stepgen_tb       ;
; EDA_TEST_BENCH_MODULE_NAME                    ; stepgen_tb                                        ; --            ; --          ; stepgen_tb       ;
; EDA_TEST_BENCH_NAME                           ; stepgen_tb                                        ; --            ; --          ; eda_simulation   ;
; EDA_TIME_SCALE                                ; 1 ps                                              ; --            ; --          ; eda_simulation   ;
; ENABLE_REDUCED_MEMORY_MODE                    ; On                                                ; Off           ; --          ; --               ;
; ENABLE_SIGNALTAP                              ; On                                                ; --            ; --          ; --               ;
; FITTER_EFFORT                                 ; Standard Fit                                      ; Auto Fit      ; --          ; --               ;
; FLOW_ENABLE_POWER_ANALYZER                    ; On                                                ; Off           ; --          ; --               ;
; FMAX_REQUIREMENT                              ; 40 MHz                                            ; --            ; --          ; --               ;
; IGNORE_CASCADE_BUFFERS                        ; On                                                ; Off           ; --          ; --               ;
; IGNORE_LCELL_BUFFERS                          ; On                                                ; Off           ; --          ; --               ;
; MAX_CORE_JUNCTION_TEMP                        ; 85                                                ; --            ; --          ; --               ;
; MIN_CORE_JUNCTION_TEMP                        ; 0                                                 ; --            ; --          ; --               ;
; MISC_FILE                                     ; pll_inst.v                                        ; --            ; --          ; --               ;
; MISC_FILE                                     ; pll_bb.v                                          ; --            ; --          ; --               ;
; MISC_FILE                                     ; pll.ppf                                           ; --            ; --          ; --               ;
; NORMAL_LCELL_INSERT                           ; -- (Not supported for targeted family)            ; On            ; --          ; --               ;
; NUM_PARALLEL_PROCESSORS                       ; All                                               ; --            ; --          ; --               ;
; OCP_HW_EVAL                                   ; Disable                                           ; Enable        ; --          ; --               ;
; OPTIMIZE_HOLD_TIMING                          ; Off                                               ; All Paths     ; --          ; --               ;
; OUTPUT_IO_TIMING_FAR_END_VMEAS                ; Half Signal Swing                                 ; --            ; --          ; --               ;
; OUTPUT_IO_TIMING_FAR_END_VMEAS                ; Half Signal Swing                                 ; --            ; --          ; --               ;
; OUTPUT_IO_TIMING_NEAR_END_VMEAS               ; Half Vccio                                        ; --            ; --          ; --               ;
; OUTPUT_IO_TIMING_NEAR_END_VMEAS               ; Half Vccio                                        ; --            ; --          ; --               ;
; PARTITION_COLOR                               ; -- (Not supported for targeted family)            ; --            ; --          ; Top              ;
; PARTITION_FITTER_PRESERVATION_LEVEL           ; -- (Not supported for targeted family)            ; --            ; --          ; Top              ;
; PARTITION_NETLIST_TYPE                        ; -- (Not supported for targeted family)            ; --            ; --          ; Top              ;
; PLACEMENT_EFFORT_MULTIPLIER                   ; 2.0                                               ; 1.0           ; --          ; --               ;
; POWER_BOARD_THERMAL_MODEL                     ; None (CONSERVATIVE)                               ; --            ; --          ; --               ;
; POWER_DEFAULT_INPUT_IO_TOGGLE_RATE            ; 12.5 %                                            ; 12.5%         ; --          ; --               ;
; POWER_PRESET_COOLING_SOLUTION                 ; 23 MM HEAT SINK WITH 200 LFPM AIRFLOW             ; --            ; --          ; --               ;
; REMOVE_REDUNDANT_LOGIC_CELLS                  ; On                                                ; Off           ; --          ; --               ;
; SLD_FILE                                      ; db/stp1_auto_stripped.stp                         ; --            ; --          ; --               ;
; SLD_NODE_CREATOR_ID                           ; 110                                               ; --            ; --          ; auto_signaltap_0 ;
; SLD_NODE_ENTITY_NAME                          ; sld_signaltap                                     ; --            ; --          ; auto_signaltap_0 ;
; SLD_NODE_PARAMETER_ASSIGNMENT                 ; SLD_RAM_BLOCK_TYPE=AUTO                           ; --            ; --          ; auto_signaltap_0 ;
; SLD_NODE_PARAMETER_ASSIGNMENT                 ; SLD_NODE_INFO=805334528                           ; --            ; --          ; auto_signaltap_0 ;
; SLD_NODE_PARAMETER_ASSIGNMENT                 ; SLD_POWER_UP_TRIGGER=0                            ; --            ; --          ; auto_signaltap_0 ;
; SLD_NODE_PARAMETER_ASSIGNMENT                 ; SLD_STORAGE_QUALIFIER_INVERSION_MASK_LENGTH=0     ; --            ; --          ; auto_signaltap_0 ;
; SLD_NODE_PARAMETER_ASSIGNMENT                 ; SLD_ATTRIBUTE_MEM_MODE=OFF                        ; --            ; --          ; auto_signaltap_0 ;
; SLD_NODE_PARAMETER_ASSIGNMENT                 ; SLD_STATE_FLOW_USE_GENERATED=0                    ; --            ; --          ; auto_signaltap_0 ;
; SLD_NODE_PARAMETER_ASSIGNMENT                 ; SLD_STATE_BITS=11                                 ; --            ; --          ; auto_signaltap_0 ;
; SLD_NODE_PARAMETER_ASSIGNMENT                 ; SLD_BUFFER_FULL_STOP=1                            ; --            ; --          ; auto_signaltap_0 ;
; SLD_NODE_PARAMETER_ASSIGNMENT                 ; SLD_CURRENT_RESOURCE_WIDTH=1                      ; --            ; --          ; auto_signaltap_0 ;
; SLD_NODE_PARAMETER_ASSIGNMENT                 ; SLD_INCREMENTAL_ROUTING=1                         ; --            ; --          ; auto_signaltap_0 ;
; SLD_NODE_PARAMETER_ASSIGNMENT                 ; SLD_TRIGGER_LEVEL=1                               ; --            ; --          ; auto_signaltap_0 ;
; SLD_NODE_PARAMETER_ASSIGNMENT                 ; SLD_TRIGGER_IN_ENABLED=0                          ; --            ; --          ; auto_signaltap_0 ;
; SLD_NODE_PARAMETER_ASSIGNMENT                 ; SLD_TRIGGER_PIPELINE=0                            ; --            ; --          ; auto_signaltap_0 ;
; SLD_NODE_PARAMETER_ASSIGNMENT                 ; SLD_COUNTER_PIPELINE=0                            ; --            ; --          ; auto_signaltap_0 ;
; SLD_NODE_PARAMETER_ASSIGNMENT                 ; SLD_ADVANCED_TRIGGER_ENTITY=basic,1,              ; --            ; --          ; auto_signaltap_0 ;
; SLD_NODE_PARAMETER_ASSIGNMENT                 ; SLD_TRIGGER_LEVEL_PIPELINE=1                      ; --            ; --          ; auto_signaltap_0 ;
; SLD_NODE_PARAMETER_ASSIGNMENT                 ; SLD_ENABLE_ADVANCED_TRIGGER=0                     ; --            ; --          ; auto_signaltap_0 ;
; SLD_NODE_PARAMETER_ASSIGNMENT                 ; SLD_TRIGGER_BITS=1                                ; --            ; --          ; auto_signaltap_0 ;
; SLD_NODE_PARAMETER_ASSIGNMENT                 ; SLD_SAMPLE_DEPTH=8192                             ; --            ; --          ; auto_signaltap_0 ;
; SLD_NODE_PARAMETER_ASSIGNMENT                 ; SLD_RAM_PIPELINE=1                                ; --            ; --          ; auto_signaltap_0 ;
; SLD_NODE_PARAMETER_ASSIGNMENT                 ; SLD_INVERSION_MASK=000000000000000000000000000000 ; --            ; --          ; auto_signaltap_0 ;
; SLD_NODE_PARAMETER_ASSIGNMENT                 ; SLD_INVERSION_MASK_LENGTH=30                      ; --            ; --          ; auto_signaltap_0 ;
; SLD_NODE_PARAMETER_ASSIGNMENT                 ; SLD_SEGMENT_SIZE=8192                             ; --            ; --          ; auto_signaltap_0 ;
; SLD_NODE_PARAMETER_ASSIGNMENT                 ; SLD_DATA_BITS=34                                  ; --            ; --          ; auto_signaltap_0 ;
; SLD_NODE_PARAMETER_ASSIGNMENT                 ; SLD_STORAGE_QUALIFIER_BITS=70                     ; --            ; --          ; auto_signaltap_0 ;
; TIMING_ANALYZER_MULTICORNER_ANALYSIS          ; Off                                               ; On            ; --          ; --               ;
; USE_SIGNALTAP_FILE                            ; stp1.stp                                          ; --            ; --          ; --               ;
+-----------------------------------------------+---------------------------------------------------+---------------+-------------+------------------+


+--------------------------------------------------------------------------------------------------------------------------+
; Flow Elapsed Time                                                                                                        ;
+----------------------+--------------+-------------------------+---------------------+------------------------------------+
; Module Name          ; Elapsed Time ; Average Processors Used ; Peak Virtual Memory ; Total CPU Time (on all processors) ;
+----------------------+--------------+-------------------------+---------------------+------------------------------------+
; Analysis & Synthesis ; 00:00:56     ; 1.0                     ; 4872 MB             ; 00:01:08                           ;
; Fitter               ; 00:00:19     ; 1.2                     ; 5580 MB             ; 00:00:24                           ;
; Assembler            ; 00:00:03     ; 1.0                     ; 4699 MB             ; 00:00:03                           ;
; Power Analyzer       ; 00:00:06     ; 1.4                     ; 4849 MB             ; 00:00:07                           ;
; Timing Analyzer      ; 00:00:04     ; 1.0                     ; 4754 MB             ; 00:00:04                           ;
; EDA Netlist Writer   ; 00:00:06     ; 1.0                     ; 4683 MB             ; 00:00:06                           ;
; Total                ; 00:01:34     ; --                      ; --                  ; 00:01:52                           ;
+----------------------+--------------+-------------------------+---------------------+------------------------------------+


+------------------------------------------------------------------------------------+
; Flow OS Summary                                                                    ;
+----------------------+------------------+------------+------------+----------------+
; Module Name          ; Machine Hostname ; OS Name    ; OS Version ; Processor type ;
+----------------------+------------------+------------+------------+----------------+
; Analysis & Synthesis ; DESKTOP-D47LMD3  ; Windows 10 ; 10.0       ; x86_64         ;
; Fitter               ; DESKTOP-D47LMD3  ; Windows 10 ; 10.0       ; x86_64         ;
; Assembler            ; DESKTOP-D47LMD3  ; Windows 10 ; 10.0       ; x86_64         ;
; Power Analyzer       ; DESKTOP-D47LMD3  ; Windows 10 ; 10.0       ; x86_64         ;
; Timing Analyzer      ; DESKTOP-D47LMD3  ; Windows 10 ; 10.0       ; x86_64         ;
; EDA Netlist Writer   ; DESKTOP-D47LMD3  ; Windows 10 ; 10.0       ; x86_64         ;
+----------------------+------------------+------------+------------+----------------+


------------
; Flow Log ;
------------
quartus_map --read_settings_files=on --write_settings_files=off pluto_spi_stepper -c pluto_spi_stepper
quartus_fit --read_settings_files=off --write_settings_files=off pluto_spi_stepper -c pluto_spi_stepper
quartus_asm --read_settings_files=off --write_settings_files=off pluto_spi_stepper -c pluto_spi_stepper
quartus_pow --read_settings_files=off --write_settings_files=off pluto_spi_stepper -c pluto_spi_stepper
quartus_sta pluto_spi_stepper -c pluto_spi_stepper
quartus_eda --read_settings_files=off --write_settings_files=off pluto_spi_stepper -c pluto_spi_stepper



